﻿﻿@{
    var action = ViewContext.RouteData.Values["action"].ToString();
	var controller = ViewContext.RouteData.Values["controller"].ToString().ToUpper();
	ViewBag.Title = Genesis.Common.PageBaseInfo.getCurrentResource(action.ToString()).RESOURCE_NAME;
    GTI_Test GTest = new GTI_Test(Html, HttpContext.Current.IsDebuggingEnabled, ViewContext.HttpContext.Request);
}
@eBundle.QRender_CSS()
@eBundle.QRender_JS()
@Html.AntiForgeryToken()
<h3>
	@ViewBag.Title
</h3>
<div id="app" v-cloak>
	<gt-toolbar  :e_Add="e_Add" :e_Exec="c_Exec" :e_query="click_Query" :e_clear="e_clear" >
	</gt-toolbar>
	<div Area-Main class="panel b">
		<gt-searchcd active_names="1" class="gt-form form-horizontal">
			<div class="panel-body form-horizontal gt-form">
				<gt-query-lot label='i18n.批號' v-model="form.LOT" 批號 ></gt-query-lot>
				<gt-form-col label="LABEL_TYPE" >
					<el-radio-group v-model="form.LABEL_TYPE">
						<el-radio :label="''">ALL</el-radio>
						<el-radio :label="'T'">T</el-radio>
						<el-radio :label="'B'">B</el-radio>
					</el-radio-group>
				</gt-form-col>
			</div>
		</gt-searchcd>
        <el-table empty-text=" " style="width: 100%"
                  @@sort-change="sort_change"
                  :data="grid.data"
                  :default-sort="{prop: 'CREATE_DATE', order: 'ascending'}">
                <el-table-column :label="i18n.操作" min-width="20">
                    <template slot-scope="scope">
                        <el-button size="small" circle class="s-VIEW"
								   autofocus="true"
                                   type="danger"
                                   icon="el-icon-delete"
                                   :disabled="scope.row.QUOTE_ONCE=='T'"
                                   @@click="e_del(scope.row.ENCODE_FORMAT_SID)"
								   ></el-button>
                    </template>
                </el-table-column>
                 
            </el-table>
        	<el-pagination background
					@@size-change="e_SizeChange"
					@@current-change="e_CurrentChange"
					:current-page="grid.Page.Index"
					:page-sizes="[5,10,15]"
					:page-size="grid.Page.Size"
					layout="prev, pager, next"
					:total="grid.row_count"></el-pagination>
		</div>
</div>
<script>
$(() => {
	new Vue({
		el: '#app',
		data() {
			return {
				form:{
					LOT:''
				},
				grid: {
					data: [],
					pageSize: 10,
					pageIdx: 1,
					row_count: 0,
					Sort: {
						Name: "CREATE_DATE",
						isAsc: true
					},
					Conditions: {},
					Page: {
						Index: 1,
						Size: 10,
					},
					get query_rule() {
						{
							let { Conditions, Sort, Page } = this;
							return {
								Conditions, Sort, Page
							}
						}
					}
				},
				i18n:{
					操作:'操作',
				}
			}
		},
		mounted() {
			var _self = this;
			@Html.Raw(HttpContext.Current.IsDebuggingEnabled?"window.__vm = this;":"");	
		},
		computed:{
			c_Exec() {
				var enable = true;
				return {
					enable,
					fn: this.Exec
				}
			},
		},
		methods: {
			e_clear() {
				for (key in this.form) {
					this.form[key] = "";
				}
			},
			_test() {
				this.MessageDelSuccess();
			},
			MessageDelSuccess() {
				return this.$Alert.Info('@RES.BLL.Message.DeleteSuccessfulmsg');
			},
			//排序事件
			sort_change(column) {
				this.grid.Sort = {
					Name: column.prop,
					isAsc: column.order == "ascending"
				}
				if (this.grid.data.length == 0) return;
				this.query(1);
			},
			e_SizeChange: function (size) {
				this.pagesize = size;
				this.query(1);
			},
			// 換頁事件
			e_CurrentChange: function (currentPage) {
				this.query(currentPage);
			},
			e_Add() {
				this.act_Item("");
			},
			// 子視窗查詢程序
			act_Item(SID) {
				if (SID != "") {
					SID = `&SID=${SID}`
				}
				var arg = {
					title: this.i18n.編碼原則維護,
					content: `@Url.Action("SequenceNum_Item")?SingleMode=true${SID}`
				}
				this.$UT.layer(arg, this);
			},
			//父視窗reload 功能
			reload() {
				console.log("父視窗reload!!");
				this.query(this.grid.Page.Index);
			},
			//查詢事件
			click_Query() {
				debugger
				var Conditions = {
					condition: "AND",
					rules: []
				};
				_.each(this.form, (value, field) => {
					if (value != "") {
						var _rule = { field, type: "string", operator: "contains", value };
						switch (field) {
							case "ENABLE_FLAG":
								if (value != 'All') {
									_rule.operator = "equal";
									_rule.value = [value];
									Conditions.rules.push(_rule);
								}
								break;
							default:
								Conditions.rules.push(_rule);
								break;
						}
					}
				});
				this.grid.Conditions = Conditions;
				this.query(1);
			},

			// 查詢處理程序
			query(pageIdx) {
				var _self = this;
				_self.grid.Page.Index = pageIdx;
				var param = _self.grid.query_rule;
				console.log({ query: param });
				var _ajax = {
					url: '@Url.Action("ListData")',
					type: 'post',
					param,
					success: this.query_success
				};
				$.submitForm(_ajax);
			},
			// 查詢成功處理程序
			query_success(res) {
				debugger
				let { Data, Code = null, Message, Success = false } = res;
				if (Success) {
					let { PageInfo, gridData } = Data || {};
					this.grid.data = gridData;
					this.grid.row_count = PageInfo.RowCount;
				} else {
					var msg = Message != null
						? Message
						: '@BLL.InterFace.ErrCode.GenericErrorMessage'
						;
					this.$Alert.Err(msg);
				}
			},
			parse_ENABLE_FLAG(row, column){
				return this.$UT.parse_Enable(row.ENABLE_FLAG);
			},
			e_del(SID) {
				var _self = this;
				var _ops = this.$Alert.genConfirm({ title: _self.i18n.ConfirmDel});
				Swal.fire(_ops).then(result => {
					let { value = false } = result;
					if (value) {
						var url = '@Url.Action("Delete")';
						var _ajax = {
							url,
							param: { SID},
							type: 'post',
							success :_self.Ajax_success
						};
						$.submitForm(_ajax);
					}
				});
			},
			Ajax_success(res) {
				let { Success=true, Data, Message = ""} = res;
				if (Success) {
					var _self = this;
					this.MessageDelSuccess().then(() => {
						_self.reload();
					});
				} else {
					this.$Alert.Warning(Message);
				}
			},
			Exec() {
				var _self = this;
				var param = {
					WaferSN: _self.SN,
					NewGarde: _self.ddl_Grade.val,
					ReasonNo: _self.reason,
					Desc: _self.description
				}
				var _ajax = {
					url: "@Url.Action("Exec")",
					type:'post',
					param,
					success(res) {
						let { Success, Data = {}, Message} = res;
						if (Success) {
							var msg = '@RES.BLL.Message.NormalSuccessful'.replace('{0}', "@ViewBag.Title");
							_self.$Alert.msg_ExecSuccessful(msg);
						} else {
							_self.$Alert.Err(Message);

						}
					}
				};
				$.submitForm(_ajax);
			},
		
		}
	})
});
</script>
@GTest.Test("<style>.el-icon-caret-right:before {color: red !important;}</style>")