﻿﻿@{
    var action = ViewContext.RouteData.Values["action"].ToString();
	var controller = ViewContext.RouteData.Values["controller"].ToString().ToUpper();
	ViewBag.Title = Genesis.Common.PageBaseInfo.getCurrentResource(action.ToString()).RESOURCE_NAME;
    GTI_Test GTest = new GTI_Test(Html, HttpContext.Current.IsDebuggingEnabled, ViewContext.HttpContext.Request);
}
@eBundle.QRender_CSS()
@eBundle.QRender_JS()
@Html.AntiForgeryToken()
<h3>
	@ViewBag.Title
</h3>
<div id="app" v-cloak>
	<gt-toolbar  :e_Add="e_Add" :e_query="click_Query" :e_clear="e_clear" >
	</gt-toolbar>
	<div Area-Main class="panel b">
		<div class="panel-body form-horizontal gt-form">
			<gt-query-lot label='i18n.批號' v-model="form.LOT" 批號></gt-query-lot>
            <gt-form-col label="LABEL_TYPE" >
                <el-radio-group v-model="form.LABEL_TYPE">
                    <el-radio :label="''">ALL</el-radio>
                    <el-radio :label="'T'">T</el-radio>
                    <el-radio :label="'B'">B</el-radio>
                </el-radio-group>
            </gt-form-col>
		</div>
	</div>
</div>
<script>
$(() => {
	new Vue({
		el: '#app',
		data() {
			return {
				form:{
					LOT:''
				}
			}
		},
		mounted() {
			var _self = this;
			@Html.Raw(HttpContext.Current.IsDebuggingEnabled?"window.__vm = this;":"");	
		},
		methods: {
		}
	})
});
</script>
